  [1m[36mStrategy Count (3.6ms)[0m  [1m[34mSELECT COUNT(*) FROM "strategies" /*application='ExamenEti'*/[0m
  [1m[35mSQL (0.3ms)[0m  [1m[35mSET search_path TO public /*application='ExamenEti'*/[0m
  [1m[35m (63.7ms)[0m  [1m[35mCREATE DATABASE "examen_eti_development" ENCODING = 'unicode' /*application='ExamenEti'*/[0m
  [1m[35mSQL (0.2ms)[0m  [1m[35mSET search_path TO public /*application='ExamenEti'*/[0m
  [1m[35m (11.3ms)[0m  [1m[35mCREATE DATABASE "examen_eti_test" ENCODING = 'unicode' /*application='ExamenEti'*/[0m
  [1m[35mSQL (0.3ms)[0m  [1m[35mCREATE EXTENSION IF NOT EXISTS "plpgsql" SCHEMA pg_catalog /*application='ExamenEti'*/[0m
  [1m[35m (0.3ms)[0m  [1m[35mDROP TABLE IF EXISTS "groups" CASCADE /*application='ExamenEti'*/[0m
  [1m[35m (16.2ms)[0m  [1m[35mCREATE TABLE "groups" ("id" bigserial primary key, "created_at" timestamp(6) NOT NULL, "name" character varying, "pin_digest" character varying, "session_id" bigint NOT NULL, "updated_at" timestamp(6) NOT NULL) /*application='ExamenEti'*/[0m
  [1m[35m (5.4ms)[0m  [1m[35mCREATE INDEX "index_groups_on_session_id" ON "groups" ("session_id") /*application='ExamenEti'*/[0m
  [1m[35m (0.2ms)[0m  [1m[35mDROP TABLE IF EXISTS "match_results" CASCADE /*application='ExamenEti'*/[0m
  [1m[35m (10.1ms)[0m  [1m[35mCREATE TABLE "match_results" ("id" bigserial primary key, "created_at" timestamp(6) NOT NULL, "group_a_id" bigint NOT NULL, "group_b_id" bigint NOT NULL, "rounds_json" text, "score_a" integer, "score_b" integer, "updated_at" timestamp(6) NOT NULL) /*application='ExamenEti'*/[0m
  [1m[35m (4.9ms)[0m  [1m[35mCREATE INDEX "index_match_results_on_group_a_id" ON "match_results" ("group_a_id") /*application='ExamenEti'*/[0m
  [1m[35m (4.2ms)[0m  [1m[35mCREATE INDEX "index_match_results_on_group_b_id" ON "match_results" ("group_b_id") /*application='ExamenEti'*/[0m
  [1m[35m (0.2ms)[0m  [1m[35mDROP TABLE IF EXISTS "selections" CASCADE /*application='ExamenEti'*/[0m
  [1m[35m (5.9ms)[0m  [1m[35mCREATE TABLE "selections" ("id" bigserial primary key, "created_at" timestamp(6) NOT NULL, "group_id" bigint NOT NULL, "strategy_id" bigint NOT NULL, "updated_at" timestamp(6) NOT NULL) /*application='ExamenEti'*/[0m
  [1m[35m (4.4ms)[0m  [1m[35mCREATE INDEX "index_selections_on_group_id" ON "selections" ("group_id") /*application='ExamenEti'*/[0m
  [1m[35m (3.6ms)[0m  [1m[35mCREATE INDEX "index_selections_on_strategy_id" ON "selections" ("strategy_id") /*application='ExamenEti'*/[0m
  [1m[35m (0.1ms)[0m  [1m[35mDROP TABLE IF EXISTS "strategies" CASCADE /*application='ExamenEti'*/[0m
  [1m[35m (7.1ms)[0m  [1m[35mCREATE TABLE "strategies" ("id" bigserial primary key, "cons" text, "created_at" timestamp(6) NOT NULL, "description" text, "key" character varying, "name" character varying, "pros" text, "updated_at" timestamp(6) NOT NULL) /*application='ExamenEti'*/[0m
  [1m[35m (0.2ms)[0m  [1m[35mDROP TABLE IF EXISTS "tournament_sessions" CASCADE /*application='ExamenEti'*/[0m
  [1m[35m (7.3ms)[0m  [1m[35mCREATE TABLE "tournament_sessions" ("id" bigserial primary key, "created_at" timestamp(6) NOT NULL, "rounds_per_match" integer DEFAULT 10 NOT NULL, "status" character varying DEFAULT 'setup' NOT NULL, "updated_at" timestamp(6) NOT NULL) /*application='ExamenEti'*/[0m
  [1m[35m (1.7ms)[0m  [1m[35mALTER TABLE "groups" ADD CONSTRAINT "fk_rails_9018ba8e62"
FOREIGN KEY ("session_id")
  REFERENCES "tournament_sessions" ("id")
 /*application='ExamenEti'*/[0m
  [1m[35m (2.0ms)[0m  [1m[35mALTER TABLE "match_results" ADD CONSTRAINT "fk_rails_0166bc55bd"
FOREIGN KEY ("group_a_id")
  REFERENCES "groups" ("id")
 /*application='ExamenEti'*/[0m
  [1m[35m (1.7ms)[0m  [1m[35mALTER TABLE "match_results" ADD CONSTRAINT "fk_rails_0cdcf0cffe"
FOREIGN KEY ("group_b_id")
  REFERENCES "groups" ("id")
 /*application='ExamenEti'*/[0m
  [1m[35m (1.5ms)[0m  [1m[35mALTER TABLE "selections" ADD CONSTRAINT "fk_rails_21d2b41977"
FOREIGN KEY ("group_id")
  REFERENCES "groups" ("id")
 /*application='ExamenEti'*/[0m
  [1m[35m (1.5ms)[0m  [1m[35mALTER TABLE "selections" ADD CONSTRAINT "fk_rails_19f51934cc"
FOREIGN KEY ("strategy_id")
  REFERENCES "strategies" ("id")
 /*application='ExamenEti'*/[0m
  [1m[35m (6.1ms)[0m  [1m[35mCREATE TABLE "schema_migrations" ("version" character varying NOT NULL PRIMARY KEY) /*application='ExamenEti'*/[0m
  [1m[36mActiveRecord::SchemaMigration Load (0.4ms)[0m  [1m[34mSELECT "schema_migrations"."version" FROM "schema_migrations" ORDER BY "schema_migrations"."version" ASC /*application='ExamenEti'*/[0m
  [1m[35m (1.2ms)[0m  [1m[32mINSERT INTO "schema_migrations" (version) VALUES (20260823123438) /*application='ExamenEti'*/[0m
  [1m[35m (1.0ms)[0m  [1m[32mINSERT INTO "schema_migrations" (version) VALUES
(20260823123437),
(20260823123436),
(20260823123435),
(20260823123434); /*application='ExamenEti'*/[0m
  [1m[35m (6.3ms)[0m  [1m[35mCREATE TABLE "ar_internal_metadata" ("key" character varying NOT NULL PRIMARY KEY, "value" character varying, "created_at" timestamp(6) NOT NULL, "updated_at" timestamp(6) NOT NULL) /*application='ExamenEti'*/[0m
  [1m[36mActiveRecord::InternalMetadata Load (0.4ms)[0m  [1m[34mSELECT * FROM "ar_internal_metadata" WHERE "ar_internal_metadata"."key" = 'environment' ORDER BY "ar_internal_metadata"."key" ASC LIMIT 1 /*application='ExamenEti'*/[0m
  [1m[36mActiveRecord::InternalMetadata Create (1.0ms)[0m  [1m[32mINSERT INTO "ar_internal_metadata" ("key", "value", "created_at", "updated_at") VALUES ('environment', 'development', '2026-08-23 12:48:14.086318', '2026-08-23 12:48:14.086321') RETURNING "key" /*application='ExamenEti'*/[0m
  [1m[36mActiveRecord::InternalMetadata Load (0.2ms)[0m  [1m[34mSELECT * FROM "ar_internal_metadata" WHERE "ar_internal_metadata"."key" = 'environment' ORDER BY "ar_internal_metadata"."key" ASC LIMIT 1 /*application='ExamenEti'*/[0m
  [1m[36mActiveRecord::InternalMetadata Load (0.5ms)[0m  [1m[34mSELECT * FROM "ar_internal_metadata" WHERE "ar_internal_metadata"."key" = 'schema_sha1' ORDER BY "ar_internal_metadata"."key" ASC LIMIT 1 /*application='ExamenEti'*/[0m
  [1m[36mActiveRecord::InternalMetadata Create (1.3ms)[0m  [1m[32mINSERT INTO "ar_internal_metadata" ("key", "value", "created_at", "updated_at") VALUES ('schema_sha1', 'ac9eb5dc144c0424996adde5fb59330d43ae495d', '2026-08-23 12:48:14.108356', '2026-08-23 12:48:14.108359') RETURNING "key" /*application='ExamenEti'*/[0m
  [1m[35m (0.1ms)[0m  [1m[34mSELECT pg_try_advisory_lock(1220289986296470705) /*application='ExamenEti'*/[0m
  [1m[36mActiveRecord::SchemaMigration Load (0.2ms)[0m  [1m[34mSELECT "schema_migrations"."version" FROM "schema_migrations" ORDER BY "schema_migrations"."version" ASC /*application='ExamenEti'*/[0m
  [1m[36mActiveRecord::InternalMetadata Load (0.2ms)[0m  [1m[34mSELECT * FROM "ar_internal_metadata" WHERE "ar_internal_metadata"."key" = 'environment' ORDER BY "ar_internal_metadata"."key" ASC LIMIT 1 /*application='ExamenEti'*/[0m
  [1m[35m (0.1ms)[0m  [1m[34mSELECT pg_advisory_unlock(1220289986296470705) /*application='ExamenEti'*/[0m
  [1m[36mActiveRecord::SchemaMigration Load (0.1ms)[0m  [1m[34mSELECT "schema_migrations"."version" FROM "schema_migrations" ORDER BY "schema_migrations"."version" ASC /*application='ExamenEti'*/[0m
  [1m[35mSQL (0.1ms)[0m  [1m[35mSET search_path TO public /*application='ExamenEti'*/[0m
  [1m[35mSQL (0.1ms)[0m  [1m[35mSET search_path TO "$user", public /*application='ExamenEti'*/[0m
  [1m[35mSQL (0.1ms)[0m  [1m[35mSET search_path TO public /*application='ExamenEti'*/[0m
  [1m[35mSQL (0.1ms)[0m  [1m[35mSET search_path TO "$user", public /*application='ExamenEti'*/[0m
  [1m[36mActiveRecord::SchemaMigration Load (0.6ms)[0m  [1m[34mSELECT "schema_migrations"."version" FROM "schema_migrations" ORDER BY "schema_migrations"."version" ASC /*application='ExamenEti'*/[0m
  [1m[36mStrategy Count (10.9ms)[0m  [1m[34mSELECT COUNT(*) FROM "strategies" /*application='ExamenEti'*/[0m
  [1m[36mStrategy Load (0.3ms)[0m  [1m[34mSELECT "strategies".* FROM "strategies" ORDER BY "strategies"."id" ASC LIMIT 1 /*application='ExamenEti'*/[0m
  [1m[36mStrategy Count (1.3ms)[0m  [1m[34mSELECT COUNT(*) FROM "strategies" /*application='ExamenEti'*/[0m
  [1m[36mStrategy Load (0.5ms)[0m  [1m[34mSELECT "strategies".* FROM "strategies" ORDER BY "strategies"."id" ASC LIMIT 1 /*application='ExamenEti'*/[0m
  [1m[35mSQL (0.1ms)[0m  [1m[35mSET search_path TO public /*application='ExamenEti'*/[0m
  [1m[35m (15.4ms)[0m  [1m[35mCREATE DATABASE "examen_eti_development" ENCODING = 'unicode' /*application='ExamenEti'*/[0m
  [1m[35mSQL (0.1ms)[0m  [1m[35mSET search_path TO public /*application='ExamenEti'*/[0m
  [1m[35m (7.8ms)[0m  [1m[35mCREATE DATABASE "examen_eti_test" ENCODING = 'unicode' /*application='ExamenEti'*/[0m
  [1m[35m (0.2ms)[0m  [1m[34mSELECT pg_try_advisory_lock(1220289986296470705) /*application='ExamenEti'*/[0m
  [1m[36mActiveRecord::SchemaMigration Load (0.6ms)[0m  [1m[34mSELECT "schema_migrations"."version" FROM "schema_migrations" ORDER BY "schema_migrations"."version" ASC /*application='ExamenEti'*/[0m
  [1m[36mActiveRecord::InternalMetadata Load (1.0ms)[0m  [1m[34mSELECT * FROM "ar_internal_metadata" WHERE "ar_internal_metadata"."key" = 'environment' ORDER BY "ar_internal_metadata"."key" ASC LIMIT 1 /*application='ExamenEti'*/[0m
  [1m[35m (0.2ms)[0m  [1m[34mSELECT pg_advisory_unlock(1220289986296470705) /*application='ExamenEti'*/[0m
  [1m[36mActiveRecord::SchemaMigration Load (0.2ms)[0m  [1m[34mSELECT "schema_migrations"."version" FROM "schema_migrations" ORDER BY "schema_migrations"."version" ASC /*application='ExamenEti'*/[0m
  [1m[35mSQL (0.1ms)[0m  [1m[35mSET search_path TO public /*application='ExamenEti'*/[0m
  [1m[35mSQL (0.2ms)[0m  [1m[35mSET search_path TO "$user", public /*application='ExamenEti'*/[0m
  [1m[35mSQL (0.1ms)[0m  [1m[35mSET search_path TO public /*application='ExamenEti'*/[0m
  [1m[35mSQL (0.2ms)[0m  [1m[35mSET search_path TO "$user", public /*application='ExamenEti'*/[0m
  [1m[36mActiveRecord::SchemaMigration Load (0.5ms)[0m  [1m[34mSELECT "schema_migrations"."version" FROM "schema_migrations" ORDER BY "schema_migrations"."version" ASC /*application='ExamenEti'*/[0m
  [1m[36mStrategy Load (0.6ms)[0m  [1m[34mSELECT "strategies".* FROM "strategies" WHERE "strategies"."key" = 'tit_for_tat' LIMIT 1 /*application='ExamenEti'*/[0m
  [1m[36mTRANSACTION (0.1ms)[0m  [1m[35mBEGIN /*application='ExamenEti'*/[0m
  [1m[36mStrategy Exists? (0.3ms)[0m  [1m[34mSELECT 1 AS one FROM "strategies" WHERE "strategies"."key" = 'tit_for_tat' LIMIT 1 /*application='ExamenEti'*/[0m
  [1m[36mStrategy Create (3.4ms)[0m  [1m[32mINSERT INTO "strategies" ("cons", "created_at", "description", "key", "name", "pros", "updated_at") VALUES ('Sin ruido en el juego no es un problema, pero en variantes con errores puede quedar atrapada en ciclos de venganza mutua.', '2026-08-23 12:51:55.295675', 'Coopera en la primera ronda. A partir de ahí, copia exactamente el último movimiento del rival: si cooperó, coopera; si traicionó, traiciona.', 'tit_for_tat', 'Tit for Tat', 'Simple, justa y «perdonadora»: vuelve a cooperar en cuanto el rival lo hace. Castiga la traición de inmediato sin guardar rencor.', '2026-08-23 12:51:55.295675') RETURNING "id" /*application='ExamenEti'*/[0m
  [1m[36mTRANSACTION (2.0ms)[0m  [1m[35mCOMMIT /*application='ExamenEti'*/[0m
  [1m[36mStrategy Load (0.3ms)[0m  [1m[34mSELECT "strategies".* FROM "strategies" WHERE "strategies"."key" = 'always_cooperate' LIMIT 1 /*application='ExamenEti'*/[0m
  [1m[36mTRANSACTION (0.1ms)[0m  [1m[35mBEGIN /*application='ExamenEti'*/[0m
  [1m[36mStrategy Exists? (2.0ms)[0m  [1m[34mSELECT 1 AS one FROM "strategies" WHERE "strategies"."key" = 'always_cooperate' LIMIT 1 /*application='ExamenEti'*/[0m
  [1m[36mStrategy Create (0.3ms)[0m  [1m[32mINSERT INTO "strategies" ("cons", "created_at", "description", "key", "name", "pros", "updated_at") VALUES ('Completamente explotable: un rival que siempre traiciona obtiene 5 por ronda mientras esta estrategia acumula 0.', '2026-08-23 12:51:55.310918', 'Siempre coopera, sin importar lo que haga el rival ni el historial de la partida.', 'always_cooperate', 'Always Cooperate', 'Maximiza el puntaje conjunto si el rival también coopera siempre (ambos obtienen 3 por ronda).', '2026-08-23 12:51:55.310918') RETURNING "id" /*application='ExamenEti'*/[0m
  [1m[36mTRANSACTION (1.8ms)[0m  [1m[35mCOMMIT /*application='ExamenEti'*/[0m
  [1m[36mStrategy Load (0.4ms)[0m  [1m[34mSELECT "strategies".* FROM "strategies" WHERE "strategies"."key" = 'always_defect' LIMIT 1 /*application='ExamenEti'*/[0m
  [1m[36mTRANSACTION (0.4ms)[0m  [1m[35mBEGIN /*application='ExamenEti'*/[0m
  [1m[36mStrategy Exists? (2.4ms)[0m  [1m[34mSELECT 1 AS one FROM "strategies" WHERE "strategies"."key" = 'always_defect' LIMIT 1 /*application='ExamenEti'*/[0m
  [1m[36mStrategy Create (0.4ms)[0m  [1m[32mINSERT INTO "strategies" ("cons", "created_at", "description", "key", "name", "pros", "updated_at") VALUES ('Provoca represalia inmediata de estrategias reactivas. A largo plazo acumula castigos mutuos (1/1) en lugar de recompensas (3/3).', '2026-08-23 12:51:55.323871', 'Siempre traiciona, independientemente del historial o del movimiento del rival.', 'always_defect', 'Always Defect', 'Nunca «regala» puntos al rival. Gana cualquier duelo individual contra estrategias cooperadoras.', '2026-08-23 12:51:55.323871') RETURNING "id" /*application='ExamenEti'*/[0m
  [1m[36mTRANSACTION (1.9ms)[0m  [1m[35mCOMMIT /*application='ExamenEti'*/[0m
  [1m[36mStrategy Load (0.5ms)[0m  [1m[34mSELECT "strategies".* FROM "strategies" WHERE "strategies"."key" = 'grudger' LIMIT 1 /*application='ExamenEti'*/[0m
  [1m[36mTRANSACTION (0.3ms)[0m  [1m[35mBEGIN /*application='ExamenEti'*/[0m
  [1m[36mStrategy Exists? (3.2ms)[0m  [1m[34mSELECT 1 AS one FROM "strategies" WHERE "strategies"."key" = 'grudger' LIMIT 1 /*application='ExamenEti'*/[0m
  [1m[36mStrategy Create (0.7ms)[0m  [1m[32mINSERT INTO "strategies" ("cons", "created_at", "description", "key", "name", "pros", "updated_at") VALUES ('No perdona nunca. Un solo «accidente» desencadena defección mutua el resto del juego.', '2026-08-23 12:51:55.340292', 'Coopera en todas las rondas hasta que el rival traicione por primera vez. Desde ese momento, traiciona para siempre, sin excepción.', 'grudger', 'Grudger / Trigger', 'Disuade fuertemente la traición: el rival sabe que una sola defección arruina toda la partida.', '2026-08-23 12:51:55.340292') RETURNING "id" /*application='ExamenEti'*/[0m
  [1m[36mTRANSACTION (2.3ms)[0m  [1m[35mCOMMIT /*application='ExamenEti'*/[0m
  [1m[36mStrategy Load (0.8ms)[0m  [1m[34mSELECT "strategies".* FROM "strategies" WHERE "strategies"."key" = 'tit_for_two_tats' LIMIT 1 /*application='ExamenEti'*/[0m
  [1m[36mTRANSACTION (0.6ms)[0m  [1m[35mBEGIN /*application='ExamenEti'*/[0m
  [1m[36mStrategy Exists? (3.0ms)[0m  [1m[34mSELECT 1 AS one FROM "strategies" WHERE "strategies"."key" = 'tit_for_two_tats' LIMIT 1 /*application='ExamenEti'*/[0m
  [1m[36mStrategy Create (0.5ms)[0m  [1m[32mINSERT INTO "strategies" ("cons", "created_at", "description", "key", "name", "pros", "updated_at") VALUES ('Puede ser explotada por rivales que alternan cooperación y traición, ya que nunca acumula dos traiciones seguidas frente a ellos.', '2026-08-23 12:51:55.357155', 'Coopera siempre, excepto cuando el rival ha traicionado en las DOS rondas consecutivas inmediatamente anteriores. En ese caso traiciona una vez y vuelve a estar lista para cooperar.', 'tit_for_two_tats', 'Tit for Two Tats', 'Más «perdonadora» que Tit for Tat; evita ciclos de venganza por traiciones aisladas.', '2026-08-23 12:51:55.357155') RETURNING "id" /*application='ExamenEti'*/[0m
  [1m[36mTRANSACTION (2.3ms)[0m  [1m[35mCOMMIT /*application='ExamenEti'*/[0m
  [1m[36mStrategy Load (0.5ms)[0m  [1m[34mSELECT "strategies".* FROM "strategies" WHERE "strategies"."key" = 'suspicious_tit_for_tat' LIMIT 1 /*application='ExamenEti'*/[0m
  [1m[36mTRANSACTION (0.5ms)[0m  [1m[35mBEGIN /*application='ExamenEti'*/[0m
  [1m[36mStrategy Exists? (2.6ms)[0m  [1m[34mSELECT 1 AS one FROM "strategies" WHERE "strategies"."key" = 'suspicious_tit_for_tat' LIMIT 1 /*application='ExamenEti'*/[0m
  [1m[36mStrategy Create (0.5ms)[0m  [1m[32mINSERT INTO "strategies" ("cons", "created_at", "description", "key", "name", "pros", "updated_at") VALUES ('La traición inicial provoca represalia innecesaria contra estrategias cooperadoras, perdiendo puntos en las primeras rondas.', '2026-08-23 12:51:55.372291', 'Igual que Tit for Tat, pero comienza traicionando en la primera ronda. A partir de la segunda, copia el último movimiento del rival.', 'suspicious_tit_for_tat', 'Suspicious Tit for Tat', '«Prueba» al rival desde el inicio; si el rival es cooperador, la estrategia se sincroniza rápidamente con él.', '2026-08-23 12:51:55.372291') RETURNING "id" /*application='ExamenEti'*/[0m
  [1m[36mTRANSACTION (2.1ms)[0m  [1m[35mCOMMIT /*application='ExamenEti'*/[0m
  [1m[36mStrategy Load (0.3ms)[0m  [1m[34mSELECT "strategies".* FROM "strategies" WHERE "strategies"."key" = 'pavlov' LIMIT 1 /*application='ExamenEti'*/[0m
  [1m[36mTRANSACTION (0.3ms)[0m  [1m[35mBEGIN /*application='ExamenEti'*/[0m
  [1m[36mStrategy Exists? (2.4ms)[0m  [1m[34mSELECT 1 AS one FROM "strategies" WHERE "strategies"."key" = 'pavlov' LIMIT 1 /*application='ExamenEti'*/[0m
  [1m[36mStrategy Create (0.5ms)[0m  [1m[32mINSERT INTO "strategies" ("cons", "created_at", "description", "key", "name", "pros", "updated_at") VALUES ('Su comportamiento es menos intuitivo de explicar y puede parecer errático frente a estrategias poco predecibles.', '2026-08-23 12:51:55.385786', 'Repite su jugada anterior si obtuvo un puntaje alto (3 ó 5 puntos). Cambia de jugada si obtuvo un puntaje bajo (0 ó 1 punto). Comienza cooperando.', 'pavlov', 'Pavlov (Win-Stay / Lose-Shift)', 'Se adapta dinámicamente. Tiene buen desempeño general y puede «corregir» a un rival que coopera pero duda.', '2026-08-23 12:51:55.385786') RETURNING "id" /*application='ExamenEti'*/[0m
  [1m[36mTRANSACTION (1.7ms)[0m  [1m[35mCOMMIT /*application='ExamenEti'*/[0m
  [1m[36mStrategy Load (0.5ms)[0m  [1m[34mSELECT "strategies".* FROM "strategies" WHERE "strategies"."key" = 'random' LIMIT 1 /*application='ExamenEti'*/[0m
  [1m[36mTRANSACTION (0.3ms)[0m  [1m[35mBEGIN /*application='ExamenEti'*/[0m
  [1m[36mStrategy Exists? (2.5ms)[0m  [1m[34mSELECT 1 AS one FROM "strategies" WHERE "strategies"."key" = 'random' LIMIT 1 /*application='ExamenEti'*/[0m
  [1m[36mStrategy Create (0.6ms)[0m  [1m[32mINSERT INTO "strategies" ("cons", "created_at", "description", "key", "name", "pros", "updated_at") VALUES ('No tiene lógica estratégica real. En promedio rinde mal porque no explota el comportamiento cooperador ni castiga el traicionero.', '2026-08-23 12:51:55.399790', 'Coopera o traiciona con probabilidad 50/50 en cada ronda, de forma completamente aleatoria e independiente del historial.', 'random', 'Random', 'Completamente impredecible; ningún rival puede anticipar sus movimientos.', '2026-08-23 12:51:55.399790') RETURNING "id" /*application='ExamenEti'*/[0m
  [1m[36mTRANSACTION (1.7ms)[0m  [1m[35mCOMMIT /*application='ExamenEti'*/[0m
  [1m[36mStrategy Count (0.5ms)[0m  [1m[34mSELECT COUNT(*) FROM "strategies" /*application='ExamenEti'*/[0m
  [1m[36mStrategy Count (12.4ms)[0m  [1m[34mSELECT COUNT(*) FROM "strategies" /*application='ExamenEti'*/[0m
  [1m[36mStrategy Count (10.6ms)[0m  [1m[34mSELECT COUNT(*) FROM "strategies" /*application='ExamenEti'*/[0m
  [1m[36mStrategy Load (0.3ms)[0m  [1m[34mSELECT "strategies".* FROM "strategies" ORDER BY "strategies"."id" ASC LIMIT 1 /*application='ExamenEti'*/[0m
  [1m[36mStrategy Pluck (0.4ms)[0m  [1m[34mSELECT "strategies"."key" FROM "strategies" /*application='ExamenEti'*/[0m
  [1m[36mStrategy Count (0.6ms)[0m  [1m[34mSELECT COUNT(*) FROM "strategies" /*application='ExamenEti'*/[0m
  [1m[36mTournamentSession Load (1.5ms)[0m  [1m[34mSELECT "tournament_sessions".* FROM "tournament_sessions" ORDER BY "tournament_sessions"."id" ASC LIMIT 1 /*application='ExamenEti'*/[0m
  [1m[36mTRANSACTION (0.2ms)[0m  [1m[35mBEGIN /*application='ExamenEti'*/[0m
  [1m[36mTournamentSession Create (2.5ms)[0m  [1m[32mINSERT INTO "tournament_sessions" ("created_at", "rounds_per_match", "status", "updated_at") VALUES ('2026-08-23 13:03:49.419686', 10, 'collecting', '2026-08-23 13:03:49.419686') RETURNING "id" /*application='ExamenEti'*/[0m
  [1m[36mTRANSACTION (1.9ms)[0m  [1m[35mCOMMIT /*application='ExamenEti'*/[0m
  [1m[36mTRANSACTION (0.4ms)[0m  [1m[35mBEGIN /*application='ExamenEti'*/[0m
  [1m[36mGroup Create (5.4ms)[0m  [1m[32mINSERT INTO "groups" ("created_at", "name", "pin_digest", "session_id", "updated_at") VALUES ('2026-08-23 13:03:49.693830', 'TestAuth', '$2a$12$bALfpz2uTVcrGspCbeojiePqvj02.2by7aheEj4win12dbmOAyx4u', 1, '2026-08-23 13:03:49.693830') RETURNING "id" /*application='ExamenEti'*/[0m
  [1m[36mTRANSACTION (2.4ms)[0m  [1m[35mCOMMIT /*application='ExamenEti'*/[0m
Started GET "/" for ::1 at 2026-08-23 09:11:29 -0400
  [1m[36mActiveRecord::SchemaMigration Load (3.3ms)[0m  [1m[34mSELECT "schema_migrations"."version" FROM "schema_migrations" ORDER BY "schema_migrations"."version" ASC /*application='ExamenEti'*/[0m
Processing by GroupsController#new as HTML
  [1m[36mGroup Load (0.6ms)[0m  [1m[34mSELECT "groups".* FROM "groups" WHERE "groups"."id" IS NULL LIMIT 1 /*action='new',application='ExamenEti',controller='groups'*/[0m
  ↳ app/controllers/application_controller.rb:14:in 'ApplicationController#current_group'
  Rendering layout layouts/application.html.erb
  Rendering groups/new.html.erb within layouts/application
  Rendered groups/new.html.erb within layouts/application (Duration: 6.6ms | GC: 0.0ms)
  Rendered layout layouts/application.html.erb (Duration: 16.8ms | GC: 0.0ms)
Completed 200 OK in 58ms (Views: 20.8ms | ActiveRecord: 7.4ms (1 query, 0 cached) | GC: 0.0ms)


Started POST "/join" for ::1 at 2026-08-23 09:12:01 -0400
Processing by GroupsController#create as TURBO_STREAM
  Parameters: {"authenticity_token" => "[FILTERED]", "name" => "Los halcaaones ", "pin" => "1234", "commit" => "Ingresar →"}
  [1m[36mTournamentSession Load (2.9ms)[0m  [1m[34mSELECT "tournament_sessions".* FROM "tournament_sessions" WHERE "tournament_sessions"."status" IN ('setup', 'collecting') ORDER BY "tournament_sessions"."created_at" DESC LIMIT 1 /*action='create',application='ExamenEti',controller='groups'*/[0m
  ↳ app/controllers/application_controller.rb:22:in 'ApplicationController#active_session'
  [1m[36mGroup Load (0.4ms)[0m  [1m[34mSELECT "groups".* FROM "groups" WHERE "groups"."session_id" = 1 AND "groups"."name" = 'Los halcaaones' LIMIT 1 /*action='create',application='ExamenEti',controller='groups'*/[0m
  ↳ app/controllers/groups_controller.rb:26:in 'GroupsController#create'
  [1m[36mTRANSACTION (0.3ms)[0m  [1m[35mBEGIN /*action='create',application='ExamenEti',controller='groups'*/[0m
  ↳ app/controllers/groups_controller.rb:36:in 'GroupsController#create'
  [1m[36mTournamentSession Load (2.5ms)[0m  [1m[34mSELECT "tournament_sessions".* FROM "tournament_sessions" WHERE "tournament_sessions"."id" = 1 LIMIT 1 /*action='create',application='ExamenEti',controller='groups'*/[0m
  ↳ app/controllers/groups_controller.rb:36:in 'GroupsController#create'
  [1m[36mGroup Create (0.6ms)[0m  [1m[32mINSERT INTO "groups" ("created_at", "name", "pin_digest", "session_id", "updated_at") VALUES ('2026-08-23 13:12:02.064494', 'Los halcaaones', '$2a$12$Yb22wPO7/1ghP4Yy.4Bei.T6V2ZP7kpcOSjyH4PxE7gVI24eyJb5S', 1, '2026-08-23 13:12:02.064494') RETURNING "id" /*action='create',application='ExamenEti',controller='groups'*/[0m
  ↳ app/controllers/groups_controller.rb:36:in 'GroupsController#create'
  [1m[36mTRANSACTION (4.8ms)[0m  [1m[35mCOMMIT /*action='create',application='ExamenEti',controller='groups'*/[0m
  ↳ app/controllers/groups_controller.rb:36:in 'GroupsController#create'
  [1m[36mSelection Load (1.5ms)[0m  [1m[34mSELECT "selections".* FROM "selections" WHERE "selections"."group_id" = 2 LIMIT 1 /*action='create',application='ExamenEti',controller='groups'*/[0m
  ↳ app/controllers/groups_controller.rb:40:in 'GroupsController#create'
Redirected to http://localhost:3000/strategies
↳ app/controllers/groups_controller.rb:40:in 'GroupsController#create'
Completed 302 Found in 273ms (ActiveRecord: 17.0ms (5 queries, 0 cached) | GC: 0.0ms)


Started GET "/strategies" for ::1 at 2026-08-23 09:12:02 -0400
Processing by StrategiesController#index as TURBO_STREAM
  [1m[36mGroup Load (0.4ms)[0m  [1m[34mSELECT "groups".* FROM "groups" WHERE "groups"."id" = 2 LIMIT 1 /*action='index',application='ExamenEti',controller='strategies'*/[0m
  ↳ app/controllers/application_controller.rb:14:in 'ApplicationController#current_group'
  [1m[36mSelection Load (0.2ms)[0m  [1m[34mSELECT "selections".* FROM "selections" WHERE "selections"."group_id" = 2 LIMIT 1 /*action='index',application='ExamenEti',controller='strategies'*/[0m
  ↳ app/controllers/strategies_controller.rb:6:in 'StrategiesController#index'
  [1m[36mTournamentSession Load (0.3ms)[0m  [1m[34mSELECT "tournament_sessions".* FROM "tournament_sessions" WHERE "tournament_sessions"."id" = 1 LIMIT 1 /*action='index',application='ExamenEti',controller='strategies'*/[0m
  ↳ app/controllers/strategies_controller.rb:7:in 'StrategiesController#index'
  Rendering layout layouts/application.html.erb
  Rendering strategies/index.html.erb within layouts/application
  [1m[36mStrategy Load (0.7ms)[0m  [1m[34mSELECT "strategies".* FROM "strategies" ORDER BY "strategies"."name" ASC /*action='index',application='ExamenEti',controller='strategies'*/[0m
  ↳ app/views/strategies/index.html.erb:21
  Rendered strategies/index.html.erb within layouts/application (Duration: 7.2ms | GC: 0.0ms)
  Rendered layout layouts/application.html.erb (Duration: 8.7ms | GC: 0.0ms)
Completed 200 OK in 19ms (Views: 8.6ms | ActiveRecord: 2.8ms (4 queries, 0 cached) | GC: 0.0ms)


Started POST "/strategies/1/pick" for ::1 at 2026-08-23 09:12:11 -0400
Processing by StrategiesController#pick as TURBO_STREAM
  Parameters: {"authenticity_token" => "[FILTERED]", "id" => "1"}
  [1m[36mGroup Load (0.7ms)[0m  [1m[34mSELECT "groups".* FROM "groups" WHERE "groups"."id" = 2 LIMIT 1 /*action='pick',application='ExamenEti',controller='strategies'*/[0m
  ↳ app/controllers/application_controller.rb:14:in 'ApplicationController#current_group'
  [1m[36mTournamentSession Load (0.3ms)[0m  [1m[34mSELECT "tournament_sessions".* FROM "tournament_sessions" WHERE "tournament_sessions"."id" = 1 LIMIT 1 /*action='pick',application='ExamenEti',controller='strategies'*/[0m
  ↳ app/controllers/strategies_controller.rb:12:in 'StrategiesController#pick'
  [1m[36mStrategy Load (0.6ms)[0m  [1m[34mSELECT "strategies".* FROM "strategies" WHERE "strategies"."id" = 1 LIMIT 1 /*action='pick',application='ExamenEti',controller='strategies'*/[0m
  ↳ app/controllers/strategies_controller.rb:19:in 'StrategiesController#pick'
  [1m[36mSelection Load (0.5ms)[0m  [1m[34mSELECT "selections".* FROM "selections" WHERE "selections"."group_id" = 2 LIMIT 1 /*action='pick',application='ExamenEti',controller='strategies'*/[0m
  ↳ app/controllers/strategies_controller.rb:20:in 'StrategiesController#pick'
  [1m[36mTRANSACTION (0.4ms)[0m  [1m[35mBEGIN /*action='pick',application='ExamenEti',controller='strategies'*/[0m
  ↳ app/controllers/strategies_controller.rb:23:in 'StrategiesController#pick'
  [1m[36mSelection Exists? (2.0ms)[0m  [1m[34mSELECT 1 AS one FROM "selections" WHERE "selections"."group_id" = 2 LIMIT 1 /*action='pick',application='ExamenEti',controller='strategies'*/[0m
  ↳ app/controllers/strategies_controller.rb:23:in 'StrategiesController#pick'
  [1m[36mSelection Create (1.6ms)[0m  [1m[32mINSERT INTO "selections" ("created_at", "group_id", "strategy_id", "updated_at") VALUES ('2026-08-23 13:12:11.785536', 2, 1, '2026-08-23 13:12:11.785536') RETURNING "id" /*action='pick',application='ExamenEti',controller='strategies'*/[0m
  ↳ app/controllers/strategies_controller.rb:23:in 'StrategiesController#pick'
  [1m[36mTRANSACTION (2.2ms)[0m  [1m[35mCOMMIT /*action='pick',application='ExamenEti',controller='strategies'*/[0m
  ↳ app/controllers/strategies_controller.rb:23:in 'StrategiesController#pick'
Redirected to http://localhost:3000/waiting
↳ app/controllers/strategies_controller.rb:24:in 'StrategiesController#pick'
Completed 302 Found in 31ms (ActiveRecord: 8.2ms (6 queries, 0 cached) | GC: 0.0ms)


Started GET "/waiting" for ::1 at 2026-08-23 09:12:11 -0400
Processing by GroupsController#waiting as TURBO_STREAM
  [1m[36mGroup Load (0.5ms)[0m  [1m[34mSELECT "groups".* FROM "groups" WHERE "groups"."id" = 2 LIMIT 1 /*action='waiting',application='ExamenEti',controller='groups'*/[0m
  ↳ app/controllers/application_controller.rb:14:in 'ApplicationController#current_group'
  [1m[36mStrategy Load (2.0ms)[0m  [1m[34mSELECT "strategies".* FROM "strategies" INNER JOIN "selections" ON "strategies"."id" = "selections"."strategy_id" WHERE "selections"."group_id" = 2 LIMIT 1 /*action='waiting',application='ExamenEti',controller='groups'*/[0m
  ↳ app/controllers/groups_controller.rb:51:in 'GroupsController#waiting'
  [1m[36mTournamentSession Load (0.5ms)[0m  [1m[34mSELECT "tournament_sessions".* FROM "tournament_sessions" WHERE "tournament_sessions"."id" = 1 LIMIT 1 /*action='waiting',application='ExamenEti',controller='groups'*/[0m
  ↳ app/controllers/groups_controller.rb:52:in 'GroupsController#waiting'
  [1m[36mGroup Count (1.1ms)[0m  [1m[34mSELECT COUNT(*) FROM "groups" WHERE "groups"."session_id" = 1 /*action='waiting',application='ExamenEti',controller='groups'*/[0m
  ↳ app/controllers/groups_controller.rb:53:in 'GroupsController#waiting'
  [1m[36mGroup Count (0.5ms)[0m  [1m[34mSELECT COUNT(*) FROM "groups" INNER JOIN "selections" ON "selections"."group_id" = "groups"."id" WHERE "groups"."session_id" = 1 /*action='waiting',application='ExamenEti',controller='groups'*/[0m
  ↳ app/controllers/groups_controller.rb:54:in 'GroupsController#waiting'
  Rendering layout layouts/application.html.erb
  Rendering groups/waiting.html.erb within layouts/application
  Rendered groups/waiting.html.erb within layouts/application (Duration: 0.9ms | GC: 0.0ms)
  Rendered layout layouts/application.html.erb (Duration: 2.2ms | GC: 0.0ms)
Completed 200 OK in 21ms (Views: 2.9ms | ActiveRecord: 4.5ms (5 queries, 0 cached) | GC: 0.0ms)


Started GET "/" for ::1 at 2026-08-23 09:12:19 -0400
Processing by GroupsController#new as HTML
  [1m[36mGroup Load (0.8ms)[0m  [1m[34mSELECT "groups".* FROM "groups" WHERE "groups"."id" = 2 LIMIT 1 /*action='new',application='ExamenEti',controller='groups'*/[0m
  ↳ app/controllers/application_controller.rb:14:in 'ApplicationController#current_group'
  [1m[36mSelection Load (0.7ms)[0m  [1m[34mSELECT "selections".* FROM "selections" WHERE "selections"."group_id" = 2 LIMIT 1 /*action='new',application='ExamenEti',controller='groups'*/[0m
  ↳ app/controllers/groups_controller.rb:7:in 'GroupsController#new'
Redirected to http://localhost:3000/waiting
↳ app/controllers/groups_controller.rb:7:in 'GroupsController#new'
Completed 302 Found in 9ms (ActiveRecord: 1.4ms (2 queries, 0 cached) | GC: 0.0ms)


Started GET "/waiting" for ::1 at 2026-08-23 09:12:19 -0400
Processing by GroupsController#waiting as HTML
  [1m[36mGroup Load (0.7ms)[0m  [1m[34mSELECT "groups".* FROM "groups" WHERE "groups"."id" = 2 LIMIT 1 /*action='waiting',application='ExamenEti',controller='groups'*/[0m
  ↳ app/controllers/application_controller.rb:14:in 'ApplicationController#current_group'
  [1m[36mStrategy Load (0.7ms)[0m  [1m[34mSELECT "strategies".* FROM "strategies" INNER JOIN "selections" ON "strategies"."id" = "selections"."strategy_id" WHERE "selections"."group_id" = 2 LIMIT 1 /*action='waiting',application='ExamenEti',controller='groups'*/[0m
  ↳ app/controllers/groups_controller.rb:51:in 'GroupsController#waiting'
  [1m[36mTournamentSession Load (0.5ms)[0m  [1m[34mSELECT "tournament_sessions".* FROM "tournament_sessions" WHERE "tournament_sessions"."id" = 1 LIMIT 1 /*action='waiting',application='ExamenEti',controller='groups'*/[0m
  ↳ app/controllers/groups_controller.rb:52:in 'GroupsController#waiting'
  [1m[36mGroup Count (0.5ms)[0m  [1m[34mSELECT COUNT(*) FROM "groups" WHERE "groups"."session_id" = 1 /*action='waiting',application='ExamenEti',controller='groups'*/[0m
  ↳ app/controllers/groups_controller.rb:53:in 'GroupsController#waiting'
  [1m[36mGroup Count (0.5ms)[0m  [1m[34mSELECT COUNT(*) FROM "groups" INNER JOIN "selections" ON "selections"."group_id" = "groups"."id" WHERE "groups"."session_id" = 1 /*action='waiting',application='ExamenEti',controller='groups'*/[0m
  ↳ app/controllers/groups_controller.rb:54:in 'GroupsController#waiting'
  Rendering layout layouts/application.html.erb
  Rendering groups/waiting.html.erb within layouts/application
  Rendered groups/waiting.html.erb within layouts/application (Duration: 0.3ms | GC: 0.0ms)
  Rendered layout layouts/application.html.erb (Duration: 2.2ms | GC: 0.0ms)
Completed 200 OK in 19ms (Views: 3.6ms | ActiveRecord: 2.9ms (5 queries, 0 cached) | GC: 0.0ms)


Started GET "/" for ::1 at 2026-08-23 09:12:29 -0400
Processing by GroupsController#new as HTML
  [1m[36mGroup Load (0.7ms)[0m  [1m[34mSELECT "groups".* FROM "groups" WHERE "groups"."id" = 2 LIMIT 1 /*action='new',application='ExamenEti',controller='groups'*/[0m
  ↳ app/controllers/application_controller.rb:14:in 'ApplicationController#current_group'
  [1m[36mSelection Load (0.7ms)[0m  [1m[34mSELECT "selections".* FROM "selections" WHERE "selections"."group_id" = 2 LIMIT 1 /*action='new',application='ExamenEti',controller='groups'*/[0m
  ↳ app/controllers/groups_controller.rb:7:in 'GroupsController#new'
Redirected to http://localhost:3000/waiting
↳ app/controllers/groups_controller.rb:7:in 'GroupsController#new'
Completed 302 Found in 10ms (ActiveRecord: 1.3ms (2 queries, 0 cached) | GC: 0.0ms)


Started GET "/waiting" for ::1 at 2026-08-23 09:12:29 -0400
Processing by GroupsController#waiting as HTML
  [1m[36mGroup Load (0.4ms)[0m  [1m[34mSELECT "groups".* FROM "groups" WHERE "groups"."id" = 2 LIMIT 1 /*action='waiting',application='ExamenEti',controller='groups'*/[0m
  ↳ app/controllers/application_controller.rb:14:in 'ApplicationController#current_group'
  [1m[36mStrategy Load (0.8ms)[0m  [1m[34mSELECT "strategies".* FROM "strategies" INNER JOIN "selections" ON "strategies"."id" = "selections"."strategy_id" WHERE "selections"."group_id" = 2 LIMIT 1 /*action='waiting',application='ExamenEti',controller='groups'*/[0m
  ↳ app/controllers/groups_controller.rb:51:in 'GroupsController#waiting'
  [1m[36mTournamentSession Load (0.5ms)[0m  [1m[34mSELECT "tournament_sessions".* FROM "tournament_sessions" WHERE "tournament_sessions"."id" = 1 LIMIT 1 /*action='waiting',application='ExamenEti',controller='groups'*/[0m
  ↳ app/controllers/groups_controller.rb:52:in 'GroupsController#waiting'
  [1m[36mGroup Count (0.6ms)[0m  [1m[34mSELECT COUNT(*) FROM "groups" WHERE "groups"."session_id" = 1 /*action='waiting',application='ExamenEti',controller='groups'*/[0m
  ↳ app/controllers/groups_controller.rb:53:in 'GroupsController#waiting'
  [1m[36mGroup Count (0.8ms)[0m  [1m[34mSELECT COUNT(*) FROM "groups" INNER JOIN "selections" ON "selections"."group_id" = "groups"."id" WHERE "groups"."session_id" = 1 /*action='waiting',application='ExamenEti',controller='groups'*/[0m
  ↳ app/controllers/groups_controller.rb:54:in 'GroupsController#waiting'
  Rendering layout layouts/application.html.erb
  Rendering groups/waiting.html.erb within layouts/application
  Rendered groups/waiting.html.erb within layouts/application (Duration: 0.4ms | GC: 0.0ms)
  Rendered layout layouts/application.html.erb (Duration: 2.0ms | GC: 0.0ms)
Completed 200 OK in 18ms (Views: 3.7ms | ActiveRecord: 3.0ms (5 queries, 0 cached) | GC: 0.0ms)


Started DELETE "/leave" for ::1 at 2026-08-23 09:12:33 -0400
Processing by GroupsController#destroy as TURBO_STREAM
  Parameters: {"authenticity_token" => "[FILTERED]"}
Redirected to http://localhost:3000/join
↳ app/controllers/groups_controller.rb:46:in 'GroupsController#destroy'
Completed 302 Found in 3ms (ActiveRecord: 0.0ms (0 queries, 0 cached) | GC: 0.0ms)


Started GET "/join" for ::1 at 2026-08-23 09:12:33 -0400
Processing by GroupsController#new as TURBO_STREAM
  [1m[36mGroup Load (0.4ms)[0m  [1m[34mSELECT "groups".* FROM "groups" WHERE "groups"."id" IS NULL LIMIT 1 /*action='new',application='ExamenEti',controller='groups'*/[0m
  ↳ app/controllers/application_controller.rb:14:in 'ApplicationController#current_group'
  Rendering layout layouts/application.html.erb
  Rendering groups/new.html.erb within layouts/application
  Rendered groups/new.html.erb within layouts/application (Duration: 1.5ms | GC: 0.0ms)
  Rendered layout layouts/application.html.erb (Duration: 2.8ms | GC: 0.0ms)
Completed 200 OK in 6ms (Views: 3.4ms | ActiveRecord: 0.4ms (1 query, 0 cached) | GC: 0.0ms)


Started POST "/join" for ::1 at 2026-08-23 09:12:41 -0400
Processing by GroupsController#create as TURBO_STREAM
  Parameters: {"authenticity_token" => "[FILTERED]", "name" => "Linces", "pin" => "0000", "commit" => "Ingresar →"}
  [1m[36mTournamentSession Load (1.1ms)[0m  [1m[34mSELECT "tournament_sessions".* FROM "tournament_sessions" WHERE "tournament_sessions"."status" IN ('setup', 'collecting') ORDER BY "tournament_sessions"."created_at" DESC LIMIT 1 /*action='create',application='ExamenEti',controller='groups'*/[0m
  ↳ app/controllers/application_controller.rb:22:in 'ApplicationController#active_session'
  [1m[36mGroup Load (0.5ms)[0m  [1m[34mSELECT "groups".* FROM "groups" WHERE "groups"."session_id" = 1 AND "groups"."name" = 'Linces' LIMIT 1 /*action='create',application='ExamenEti',controller='groups'*/[0m
  ↳ app/controllers/groups_controller.rb:26:in 'GroupsController#create'
  [1m[36mTRANSACTION (0.2ms)[0m  [1m[35mBEGIN /*action='create',application='ExamenEti',controller='groups'*/[0m
  ↳ app/controllers/groups_controller.rb:36:in 'GroupsController#create'
  [1m[36mTournamentSession Load (2.3ms)[0m  [1m[34mSELECT "tournament_sessions".* FROM "tournament_sessions" WHERE "tournament_sessions"."id" = 1 LIMIT 1 /*action='create',application='ExamenEti',controller='groups'*/[0m
  ↳ app/controllers/groups_controller.rb:36:in 'GroupsController#create'
  [1m[36mGroup Create (0.5ms)[0m  [1m[32mINSERT INTO "groups" ("created_at", "name", "pin_digest", "session_id", "updated_at") VALUES ('2026-08-23 13:12:41.962896', 'Linces', '$2a$12$TP28xtB4hsFPxY0UHeENW.Ei9sb.2QY6GbJw9afmJ1GOLryi0jt0.', 1, '2026-08-23 13:12:41.962896') RETURNING "id" /*action='create',application='ExamenEti',controller='groups'*/[0m
  ↳ app/controllers/groups_controller.rb:36:in 'GroupsController#create'
  [1m[36mTRANSACTION (3.4ms)[0m  [1m[35mCOMMIT /*action='create',application='ExamenEti',controller='groups'*/[0m
  ↳ app/controllers/groups_controller.rb:36:in 'GroupsController#create'
  [1m[36mSelection Load (0.4ms)[0m  [1m[34mSELECT "selections".* FROM "selections" WHERE "selections"."group_id" = 3 LIMIT 1 /*action='create',application='ExamenEti',controller='groups'*/[0m
  ↳ app/controllers/groups_controller.rb:40:in 'GroupsController#create'
Redirected to http://localhost:3000/strategies
↳ app/controllers/groups_controller.rb:40:in 'GroupsController#create'
Completed 302 Found in 246ms (ActiveRecord: 8.3ms (5 queries, 0 cached) | GC: 0.0ms)


Started GET "/strategies" for ::1 at 2026-08-23 09:12:41 -0400
Processing by StrategiesController#index as TURBO_STREAM
  [1m[36mGroup Load (0.3ms)[0m  [1m[34mSELECT "groups".* FROM "groups" WHERE "groups"."id" = 3 LIMIT 1 /*action='index',application='ExamenEti',controller='strategies'*/[0m
  ↳ app/controllers/application_controller.rb:14:in 'ApplicationController#current_group'
  [1m[36mSelection Load (0.3ms)[0m  [1m[34mSELECT "selections".* FROM "selections" WHERE "selections"."group_id" = 3 LIMIT 1 /*action='index',application='ExamenEti',controller='strategies'*/[0m
  ↳ app/controllers/strategies_controller.rb:6:in 'StrategiesController#index'
  [1m[36mTournamentSession Load (0.3ms)[0m  [1m[34mSELECT "tournament_sessions".* FROM "tournament_sessions" WHERE "tournament_sessions"."id" = 1 LIMIT 1 /*action='index',application='ExamenEti',controller='strategies'*/[0m
  ↳ app/controllers/strategies_controller.rb:7:in 'StrategiesController#index'
  Rendering layout layouts/application.html.erb
  Rendering strategies/index.html.erb within layouts/application
  [1m[36mStrategy Load (0.3ms)[0m  [1m[34mSELECT "strategies".* FROM "strategies" ORDER BY "strategies"."name" ASC /*action='index',application='ExamenEti',controller='strategies'*/[0m
  ↳ app/views/strategies/index.html.erb:21
  Rendered strategies/index.html.erb within layouts/application (Duration: 2.7ms | GC: 0.0ms)
  Rendered layout layouts/application.html.erb (Duration: 3.8ms | GC: 0.0ms)
Completed 200 OK in 10ms (Views: 4.1ms | ActiveRecord: 1.2ms (4 queries, 0 cached) | GC: 0.0ms)


Started POST "/strategies/4/pick" for ::1 at 2026-08-23 09:12:49 -0400
Processing by StrategiesController#pick as TURBO_STREAM
  Parameters: {"authenticity_token" => "[FILTERED]", "id" => "4"}
  [1m[36mGroup Load (0.8ms)[0m  [1m[34mSELECT "groups".* FROM "groups" WHERE "groups"."id" = 3 LIMIT 1 /*action='pick',application='ExamenEti',controller='strategies'*/[0m
  ↳ app/controllers/application_controller.rb:14:in 'ApplicationController#current_group'
  [1m[36mTournamentSession Load (0.5ms)[0m  [1m[34mSELECT "tournament_sessions".* FROM "tournament_sessions" WHERE "tournament_sessions"."id" = 1 LIMIT 1 /*action='pick',application='ExamenEti',controller='strategies'*/[0m
  ↳ app/controllers/strategies_controller.rb:12:in 'StrategiesController#pick'
  [1m[36mStrategy Load (0.6ms)[0m  [1m[34mSELECT "strategies".* FROM "strategies" WHERE "strategies"."id" = 4 LIMIT 1 /*action='pick',application='ExamenEti',controller='strategies'*/[0m
  ↳ app/controllers/strategies_controller.rb:19:in 'StrategiesController#pick'
  [1m[36mSelection Load (0.4ms)[0m  [1m[34mSELECT "selections".* FROM "selections" WHERE "selections"."group_id" = 3 LIMIT 1 /*action='pick',application='ExamenEti',controller='strategies'*/[0m
  ↳ app/controllers/strategies_controller.rb:20:in 'StrategiesController#pick'
  [1m[36mTRANSACTION (0.2ms)[0m  [1m[35mBEGIN /*action='pick',application='ExamenEti',controller='strategies'*/[0m
  ↳ app/controllers/strategies_controller.rb:23:in 'StrategiesController#pick'
  [1m[36mSelection Exists? (1.7ms)[0m  [1m[34mSELECT 1 AS one FROM "selections" WHERE "selections"."group_id" = 3 LIMIT 1 /*action='pick',application='ExamenEti',controller='strategies'*/[0m
  ↳ app/controllers/strategies_controller.rb:23:in 'StrategiesController#pick'
  [1m[36mSelection Create (0.6ms)[0m  [1m[32mINSERT INTO "selections" ("created_at", "group_id", "strategy_id", "updated_at") VALUES ('2026-08-23 13:12:49.363662', 3, 4, '2026-08-23 13:12:49.363662') RETURNING "id" /*action='pick',application='ExamenEti',controller='strategies'*/[0m
  ↳ app/controllers/strategies_controller.rb:23:in 'StrategiesController#pick'
  [1m[36mTRANSACTION (3.4ms)[0m  [1m[35mCOMMIT /*action='pick',application='ExamenEti',controller='strategies'*/[0m
  ↳ app/controllers/strategies_controller.rb:23:in 'StrategiesController#pick'
Redirected to http://localhost:3000/waiting
↳ app/controllers/strategies_controller.rb:24:in 'StrategiesController#pick'
Completed 302 Found in 25ms (ActiveRecord: 8.1ms (6 queries, 0 cached) | GC: 0.0ms)


Started GET "/waiting" for ::1 at 2026-08-23 09:12:49 -0400
Processing by GroupsController#waiting as TURBO_STREAM
  [1m[36mGroup Load (0.4ms)[0m  [1m[34mSELECT "groups".* FROM "groups" WHERE "groups"."id" = 3 LIMIT 1 /*action='waiting',application='ExamenEti',controller='groups'*/[0m
  ↳ app/controllers/application_controller.rb:14:in 'ApplicationController#current_group'
  [1m[36mStrategy Load (0.4ms)[0m  [1m[34mSELECT "strategies".* FROM "strategies" INNER JOIN "selections" ON "strategies"."id" = "selections"."strategy_id" WHERE "selections"."group_id" = 3 LIMIT 1 /*action='waiting',application='ExamenEti',controller='groups'*/[0m
  ↳ app/controllers/groups_controller.rb:51:in 'GroupsController#waiting'
  [1m[36mTournamentSession Load (0.3ms)[0m  [1m[34mSELECT "tournament_sessions".* FROM "tournament_sessions" WHERE "tournament_sessions"."id" = 1 LIMIT 1 /*action='waiting',application='ExamenEti',controller='groups'*/[0m
  ↳ app/controllers/groups_controller.rb:52:in 'GroupsController#waiting'
  [1m[36mGroup Count (0.3ms)[0m  [1m[34mSELECT COUNT(*) FROM "groups" WHERE "groups"."session_id" = 1 /*action='waiting',application='ExamenEti',controller='groups'*/[0m
  ↳ app/controllers/groups_controller.rb:53:in 'GroupsController#waiting'
  [1m[36mGroup Count (0.3ms)[0m  [1m[34mSELECT COUNT(*) FROM "groups" INNER JOIN "selections" ON "selections"."group_id" = "groups"."id" WHERE "groups"."session_id" = 1 /*action='waiting',application='ExamenEti',controller='groups'*/[0m
  ↳ app/controllers/groups_controller.rb:54:in 'GroupsController#waiting'
  Rendering layout layouts/application.html.erb
  Rendering groups/waiting.html.erb within layouts/application
  Rendered groups/waiting.html.erb within layouts/application (Duration: 0.3ms | GC: 0.0ms)
  Rendered layout layouts/application.html.erb (Duration: 1.3ms | GC: 0.0ms)
Completed 200 OK in 11ms (Views: 1.9ms | ActiveRecord: 1.6ms (5 queries, 0 cached) | GC: 0.0ms)


Started GET "/" for ::1 at 2026-08-23 09:13:07 -0400
Processing by GroupsController#new as HTML
  [1m[36mGroup Load (0.6ms)[0m  [1m[34mSELECT "groups".* FROM "groups" WHERE "groups"."id" = 3 LIMIT 1 /*action='new',application='ExamenEti',controller='groups'*/[0m
  ↳ app/controllers/application_controller.rb:14:in 'ApplicationController#current_group'
  [1m[36mSelection Load (0.4ms)[0m  [1m[34mSELECT "selections".* FROM "selections" WHERE "selections"."group_id" = 3 LIMIT 1 /*action='new',application='ExamenEti',controller='groups'*/[0m
  ↳ app/controllers/groups_controller.rb:7:in 'GroupsController#new'
Redirected to http://localhost:3000/waiting
↳ app/controllers/groups_controller.rb:7:in 'GroupsController#new'
Completed 302 Found in 52ms (ActiveRecord: 1.0ms (2 queries, 0 cached) | GC: 45.9ms)


Started GET "/waiting" for ::1 at 2026-08-23 09:13:07 -0400
Processing by GroupsController#waiting as HTML
  [1m[36mGroup Load (0.5ms)[0m  [1m[34mSELECT "groups".* FROM "groups" WHERE "groups"."id" = 3 LIMIT 1 /*action='waiting',application='ExamenEti',controller='groups'*/[0m
  ↳ app/controllers/application_controller.rb:14:in 'ApplicationController#current_group'
  [1m[36mStrategy Load (0.7ms)[0m  [1m[34mSELECT "strategies".* FROM "strategies" INNER JOIN "selections" ON "strategies"."id" = "selections"."strategy_id" WHERE "selections"."group_id" = 3 LIMIT 1 /*action='waiting',application='ExamenEti',controller='groups'*/[0m
  ↳ app/controllers/groups_controller.rb:51:in 'GroupsController#waiting'
  [1m[36mTournamentSession Load (0.8ms)[0m  [1m[34mSELECT "tournament_sessions".* FROM "tournament_sessions" WHERE "tournament_sessions"."id" = 1 LIMIT 1 /*action='waiting',application='ExamenEti',controller='groups'*/[0m
  ↳ app/controllers/groups_controller.rb:52:in 'GroupsController#waiting'
  [1m[36mGroup Count (0.8ms)[0m  [1m[34mSELECT COUNT(*) FROM "groups" WHERE "groups"."session_id" = 1 /*action='waiting',application='ExamenEti',controller='groups'*/[0m
  ↳ app/controllers/groups_controller.rb:53:in 'GroupsController#waiting'
  [1m[36mGroup Count (0.8ms)[0m  [1m[34mSELECT COUNT(*) FROM "groups" INNER JOIN "selections" ON "selections"."group_id" = "groups"."id" WHERE "groups"."session_id" = 1 /*action='waiting',application='ExamenEti',controller='groups'*/[0m
  ↳ app/controllers/groups_controller.rb:54:in 'GroupsController#waiting'
  Rendering layout layouts/application.html.erb
  Rendering groups/waiting.html.erb within layouts/application
  Rendered groups/waiting.html.erb within layouts/application (Duration: 0.3ms | GC: 0.0ms)
  Rendered layout layouts/application.html.erb (Duration: 2.4ms | GC: 0.0ms)
Completed 200 OK in 21ms (Views: 3.4ms | ActiveRecord: 3.4ms (5 queries, 0 cached) | GC: 0.8ms)


Started DELETE "/leave" for ::1 at 2026-08-23 09:13:11 -0400
Processing by GroupsController#destroy as TURBO_STREAM
  Parameters: {"authenticity_token" => "[FILTERED]"}
Redirected to http://localhost:3000/join
↳ app/controllers/groups_controller.rb:46:in 'GroupsController#destroy'
Completed 302 Found in 5ms (ActiveRecord: 0.0ms (0 queries, 0 cached) | GC: 0.0ms)


Started GET "/join" for ::1 at 2026-08-23 09:13:11 -0400
Processing by GroupsController#new as TURBO_STREAM
  [1m[36mGroup Load (0.5ms)[0m  [1m[34mSELECT "groups".* FROM "groups" WHERE "groups"."id" IS NULL LIMIT 1 /*action='new',application='ExamenEti',controller='groups'*/[0m
  ↳ app/controllers/application_controller.rb:14:in 'ApplicationController#current_group'
  Rendering layout layouts/application.html.erb
  Rendering groups/new.html.erb within layouts/application
  Rendered groups/new.html.erb within layouts/application (Duration: 1.5ms | GC: 0.0ms)
  Rendered layout layouts/application.html.erb (Duration: 2.5ms | GC: 0.0ms)
Completed 200 OK in 7ms (Views: 3.3ms | ActiveRecord: 0.5ms (1 query, 0 cached) | GC: 0.0ms)


Started POST "/join" for ::1 at 2026-08-23 09:13:26 -0400
Processing by GroupsController#create as TURBO_STREAM
  Parameters: {"authenticity_token" => "[FILTERED]", "name" => "Linces", "pin" => "1234", "commit" => "Ingresar →"}
  [1m[36mTournamentSession Load (0.6ms)[0m  [1m[34mSELECT "tournament_sessions".* FROM "tournament_sessions" WHERE "tournament_sessions"."status" IN ('setup', 'collecting') ORDER BY "tournament_sessions"."created_at" DESC LIMIT 1 /*action='create',application='ExamenEti',controller='groups'*/[0m
  ↳ app/controllers/application_controller.rb:22:in 'ApplicationController#active_session'
  [1m[36mGroup Load (0.4ms)[0m  [1m[34mSELECT "groups".* FROM "groups" WHERE "groups"."session_id" = 1 AND "groups"."name" = 'Linces' LIMIT 1 /*action='create',application='ExamenEti',controller='groups'*/[0m
  ↳ app/controllers/groups_controller.rb:26:in 'GroupsController#create'
  Rendering layout layouts/application.html.erb
  Rendering groups/new.html.erb within layouts/application
  Rendered groups/new.html.erb within layouts/application (Duration: 3.6ms | GC: 1.8ms)
  [1m[36mGroup Load (0.3ms)[0m  [1m[34mSELECT "groups".* FROM "groups" WHERE "groups"."id" IS NULL LIMIT 1 /*action='create',application='ExamenEti',controller='groups'*/[0m
  ↳ app/controllers/application_controller.rb:14:in 'ApplicationController#current_group'
  Rendered layout layouts/application.html.erb (Duration: 6.4ms | GC: 1.8ms)
Completed 422 Unprocessable Content in 246ms (Views: 7.1ms | ActiveRecord: 1.3ms (3 queries, 0 cached) | GC: 1.8ms)


Started POST "/join" for ::1 at 2026-08-23 09:13:32 -0400
Processing by GroupsController#create as TURBO_STREAM
  Parameters: {"authenticity_token" => "[FILTERED]", "name" => "Linces", "pin" => "0000", "commit" => "Ingresar →"}
  [1m[36mTournamentSession Load (0.7ms)[0m  [1m[34mSELECT "tournament_sessions".* FROM "tournament_sessions" WHERE "tournament_sessions"."status" IN ('setup', 'collecting') ORDER BY "tournament_sessions"."created_at" DESC LIMIT 1 /*action='create',application='ExamenEti',controller='groups'*/[0m
  ↳ app/controllers/application_controller.rb:22:in 'ApplicationController#active_session'
  [1m[36mGroup Load (0.8ms)[0m  [1m[34mSELECT "groups".* FROM "groups" WHERE "groups"."session_id" = 1 AND "groups"."name" = 'Linces' LIMIT 1 /*action='create',application='ExamenEti',controller='groups'*/[0m
  ↳ app/controllers/groups_controller.rb:26:in 'GroupsController#create'
  [1m[36mSelection Load (0.4ms)[0m  [1m[34mSELECT "selections".* FROM "selections" WHERE "selections"."group_id" = 3 LIMIT 1 /*action='create',application='ExamenEti',controller='groups'*/[0m
  ↳ app/controllers/groups_controller.rb:40:in 'GroupsController#create'
Redirected to http://localhost:3000/waiting
↳ app/controllers/groups_controller.rb:40:in 'GroupsController#create'
Completed 302 Found in 241ms (ActiveRecord: 1.9ms (3 queries, 0 cached) | GC: 1.1ms)


Started GET "/waiting" for ::1 at 2026-08-23 09:13:32 -0400
Processing by GroupsController#waiting as TURBO_STREAM
  [1m[36mGroup Load (0.5ms)[0m  [1m[34mSELECT "groups".* FROM "groups" WHERE "groups"."id" = 3 LIMIT 1 /*action='waiting',application='ExamenEti',controller='groups'*/[0m
  ↳ app/controllers/application_controller.rb:14:in 'ApplicationController#current_group'
  [1m[36mStrategy Load (0.5ms)[0m  [1m[34mSELECT "strategies".* FROM "strategies" INNER JOIN "selections" ON "strategies"."id" = "selections"."strategy_id" WHERE "selections"."group_id" = 3 LIMIT 1 /*action='waiting',application='ExamenEti',controller='groups'*/[0m
  ↳ app/controllers/groups_controller.rb:51:in 'GroupsController#waiting'
  [1m[36mTournamentSession Load (0.3ms)[0m  [1m[34mSELECT "tournament_sessions".* FROM "tournament_sessions" WHERE "tournament_sessions"."id" = 1 LIMIT 1 /*action='waiting',application='ExamenEti',controller='groups'*/[0m
  ↳ app/controllers/groups_controller.rb:52:in 'GroupsController#waiting'
  [1m[36mGroup Count (0.3ms)[0m  [1m[34mSELECT COUNT(*) FROM "groups" WHERE "groups"."session_id" = 1 /*action='waiting',application='ExamenEti',controller='groups'*/[0m
  ↳ app/controllers/groups_controller.rb:53:in 'GroupsController#waiting'
  [1m[36mGroup Count (0.4ms)[0m  [1m[34mSELECT COUNT(*) FROM "groups" INNER JOIN "selections" ON "selections"."group_id" = "groups"."id" WHERE "groups"."session_id" = 1 /*action='waiting',application='ExamenEti',controller='groups'*/[0m
  ↳ app/controllers/groups_controller.rb:54:in 'GroupsController#waiting'
  Rendering layout layouts/application.html.erb
  Rendering groups/waiting.html.erb within layouts/application
  Rendered groups/waiting.html.erb within layouts/application (Duration: 0.2ms | GC: 0.0ms)
  Rendered layout layouts/application.html.erb (Duration: 1.4ms | GC: 0.0ms)
Completed 200 OK in 14ms (Views: 1.9ms | ActiveRecord: 2.0ms (5 queries, 0 cached) | GC: 0.7ms)


Started DELETE "/leave" for ::1 at 2026-08-23 09:13:37 -0400
Processing by GroupsController#destroy as TURBO_STREAM
  Parameters: {"authenticity_token" => "[FILTERED]"}
Redirected to http://localhost:3000/join
↳ app/controllers/groups_controller.rb:46:in 'GroupsController#destroy'
Completed 302 Found in 3ms (ActiveRecord: 0.0ms (0 queries, 0 cached) | GC: 0.0ms)


Started GET "/join" for ::1 at 2026-08-23 09:13:37 -0400
Processing by GroupsController#new as TURBO_STREAM
  [1m[36mGroup Load (0.5ms)[0m  [1m[34mSELECT "groups".* FROM "groups" WHERE "groups"."id" IS NULL LIMIT 1 /*action='new',application='ExamenEti',controller='groups'*/[0m
  ↳ app/controllers/application_controller.rb:14:in 'ApplicationController#current_group'
  Rendering layout layouts/application.html.erb
  Rendering groups/new.html.erb within layouts/application
  Rendered groups/new.html.erb within layouts/application (Duration: 1.3ms | GC: 0.0ms)
  Rendered layout layouts/application.html.erb (Duration: 2.4ms | GC: 0.0ms)
Completed 200 OK in 6ms (Views: 3.1ms | ActiveRecord: 0.5ms (1 query, 0 cached) | GC: 0.0ms)


